{
    "-profile test_megahit_prokka": {
        "content": [
            47,
            {
                "BBMAP_ALIGN": {
                    "bbmap": 39.18,
                    "samtools": 1.21,
                    "pigz": 2.8
                },
                "BBMAP_INDEX": {
                    "bbmap": 39.18
                },
                "CAT_FASTQ": {
                    "cat": 9.5
                },
                "COLLECT_FEATURECOUNTS": {
                    "R": "4.2.3",
                    "dplyr": "1.1.2",
                    "dtplyr": "1.3.1",
                    "data.table": "1.14.8"
                },
                "COLLECT_STATS": {
                    "R": "4.2.3",
                    "dplyr": "1.1.2",
                    "readr": "2.1.4",
                    "purrr": "1.0.1",
                    "tidyr": "1.3.0",
                    "stringr": "1.5.0"
                },
                "FAA_CAT": {
                    "pigz": "2.3.4"
                },
                "FASTQC": {
                    "fastqc": "0.12.1"
                },
                "FEATURECOUNTS_CDS": {
                    "subread": "2.0.6"
                },
                "FFN_CAT": {
                    "pigz": "2.3.4"
                },
                "GFF_CAT": {
                    "pigz": "2.3.4"
                },
                "MEGAHIT_INTERLEAVED": {
                    "megahit_interleaved": "1.2.9"
                },
                "PIGZ_PE_READS_FWD": {
                    "pigz": 2.8
                },
                "PIGZ_PE_READS_REV": {
                    "pigz": 2.8
                },
                "PROKKA": {
                    "prokka": "1.14.6"
                },
                "PROKKAGFF2TSV": {
                    "R": "4.2.3",
                    "data.table": "1.14.8",
                    "dtplyr": "1.3.1",
                    "dplyr": "1.1.2",
                    "tidyr": "1.3.0",
                    "readr": "2.1.4"
                },
                "SAMTOOLS_FLAGSTAT": {
                    "samtools": 1.21
                },
                "SAMTOOLS_IDXSTATS": {
                    "samtools": 1.21
                },
                "SAMTOOLS_INDEX": {
                    "samtools": 1.21
                },
                "SAMTOOLS_SORT": {
                    "samtools": 1.21
                },
                "SAMTOOLS_STATS": {
                    "samtools": 1.21
                },
                "SEQTK_MERGEPE": {
                    "seqtk": "1.4-r122"
                },
                "TRANSRATE": {
                    "transrate": "1.0.3"
                },
                "TRIMGALORE": {
                    "trimgalore": "0.6.10",
                    "cutadapt": 4.9,
                    "pigz": 2.8
                },
                "UNPIGZ_CONTIGS": {
                    "pigz": "2.3.4"
                },
                "UNPIGZ_GFF": {
                    "pigz": "2.3.4"
                },
                "Workflow": {
                    "nf-core/metatdenovo": "v1.2.1dev"
                }
            },
            [
                "bbmap",
                "bbmap/bbmap",
                "bbmap/bbmap/SAMPLE1_PE.bbmap.log",
                "bbmap/bbmap/SAMPLE2_PE.bbmap.log",
                "bbmap/bbmap/SAMPLE3_PE_1.bbmap.log",
                "featurecounts",
                "featurecounts/SAMPLE1_PE.featureCounts.tsv",
                "featurecounts/SAMPLE1_PE.featureCounts.tsv.summary",
                "featurecounts/SAMPLE2_PE.featureCounts.tsv",
                "featurecounts/SAMPLE2_PE.featureCounts.tsv.summary",
                "featurecounts/SAMPLE3_PE_1.featureCounts.tsv",
                "featurecounts/SAMPLE3_PE_1.featureCounts.tsv.summary",
                "megahit",
                "megahit/megahit_out",
                "megahit/megahit_out/megahit_assembly.contigs.fa.gz",
                "megahit/megahit_out/megahit_assembly.log",
                "multiqc",
                "multiqc/multiqc_data",
                "multiqc/multiqc_data/BETA-multiqc.parquet",
                "multiqc/multiqc_data/llms-full.txt",
                "multiqc/multiqc_data/multiqc.log",
                "multiqc/multiqc_data/multiqc_citations.txt",
                "multiqc/multiqc_data/multiqc_data.json",
                "multiqc/multiqc_data/multiqc_general_stats.txt",
                "multiqc/multiqc_data/multiqc_prokka.txt",
                "multiqc/multiqc_data/multiqc_software_versions.txt",
                "multiqc/multiqc_data/multiqc_sources.txt",
                "multiqc/multiqc_data/prokka_plot.txt",
                "multiqc/multiqc_plots",
                "multiqc/multiqc_plots/pdf",
                "multiqc/multiqc_plots/pdf/prokka_plot-cnt.pdf",
                "multiqc/multiqc_plots/pdf/prokka_plot-pct.pdf",
                "multiqc/multiqc_plots/png",
                "multiqc/multiqc_plots/png/prokka_plot-cnt.png",
                "multiqc/multiqc_plots/png/prokka_plot-pct.png",
                "multiqc/multiqc_plots/svg",
                "multiqc/multiqc_plots/svg/prokka_plot-cnt.svg",
                "multiqc/multiqc_plots/svg/prokka_plot-pct.svg",
                "multiqc/multiqc_report.html",
                "pipeline_info",
                "pipeline_info/nf_core_metatdenovo_software_mqc_versions.yml",
                "prokka",
                "prokka/prokka.faa.gz",
                "prokka/prokka.ffn.gz",
                "prokka/prokka.gff.gz",
                "samtools",
                "samtools/SAMPLE1_PE.sorted.bam",
                "samtools/SAMPLE1_PE.sorted.bam.bai",
                "samtools/SAMPLE2_PE.sorted.bam",
                "samtools/SAMPLE2_PE.sorted.bam.bai",
                "samtools/SAMPLE3_PE_1.sorted.bam",
                "samtools/SAMPLE3_PE_1.sorted.bam.bai",
                "samtools/megahit.SAMPLE1_PE.flagstat",
                "samtools/megahit.SAMPLE1_PE.idxstats",
                "samtools/megahit.SAMPLE2_PE.flagstat",
                "samtools/megahit.SAMPLE2_PE.idxstats",
                "samtools/megahit.SAMPLE3_PE_1.flagstat",
                "samtools/megahit.SAMPLE3_PE_1.idxstats",
                "summary_tables",
                "summary_tables/megahit.prokka.counts.tsv.gz",
                "summary_tables/megahit.prokka.overall_stats.tsv.gz",
                "summary_tables/megahit.prokka.prokka-annotations.tsv.gz",
                "transrate",
                "transrate/megahit_assemblies_mqc.csv",
                "transrate/versions.yml",
                "trimgalore",
                "trimgalore/SAMPLE1_PE_1.fastq.gz_trimming_report.txt",
                "trimgalore/SAMPLE1_PE_2.fastq.gz_trimming_report.txt",
                "trimgalore/SAMPLE2_PE_1.fastq.gz_trimming_report.txt",
                "trimgalore/SAMPLE2_PE_2.fastq.gz_trimming_report.txt",
                "trimgalore/SAMPLE3_PE_1_1.fastq.gz_trimming_report.txt",
                "trimgalore/SAMPLE3_PE_1_2.fastq.gz_trimming_report.txt",
                "trimgalore/fastqc",
                "trimgalore/fastqc/SAMPLE1_PE_1_val_1_fastqc.html",
                "trimgalore/fastqc/SAMPLE1_PE_1_val_1_fastqc.zip",
                "trimgalore/fastqc/SAMPLE1_PE_2_val_2_fastqc.html",
                "trimgalore/fastqc/SAMPLE1_PE_2_val_2_fastqc.zip",
                "trimgalore/fastqc/SAMPLE2_PE_1_val_1_fastqc.html",
                "trimgalore/fastqc/SAMPLE2_PE_1_val_1_fastqc.zip",
                "trimgalore/fastqc/SAMPLE2_PE_2_val_2_fastqc.html",
                "trimgalore/fastqc/SAMPLE2_PE_2_val_2_fastqc.zip",
                "trimgalore/fastqc/SAMPLE3_PE_1_1_val_1_fastqc.html",
                "trimgalore/fastqc/SAMPLE3_PE_1_1_val_1_fastqc.zip",
                "trimgalore/fastqc/SAMPLE3_PE_1_2_val_2_fastqc.html",
                "trimgalore/fastqc/SAMPLE3_PE_1_2_val_2_fastqc.zip"
            ],
            [
                "multiqc_citations.txt:md5,d59b1beea6256a7bf5f599da543910db",
                "versions.yml:md5,069fffe1c38bd4bbce26b40bcc449fb2"
            ],
            16,
            [
                "orf\tchr\tstart\tend\tstrand\tlength\tsample\tcount\ttpm"
            ],
            4,
            [
                "sample\tn_post_trimming\tidxs_n_mapped\tidxs_n_unmapped\tn_feature_count"
            ],
            [
                "orf\tcontig\tgene_caller\tfeature\tstart\tend\tstrand\tdb_xref\tec_number\tgene\tinference\tlocus_tag\tname\tnote\tproduct"
            ]
        ],
        "meta": {
            "nf-test": "0.9.2",
            "nextflow": "25.04.6"
        },
        "timestamp": "2025-08-11T20:30:16.980724877"
    }
}