{
    "SAMPLE1_PE_1_val_1_fastqc.html": {
        "content": [
            "SAMPLE1_PE_1_val_1_fastqc.html:md5,4a2445318c2fb2e0438601bf5802388f"
        ],
        "meta": {
            "nf-test": "0.9.0",
            "nextflow": "24.10.4"
        },
        "timestamp": "2025-02-05T18:06:30.378041"
    },
    "spades.spades.log": {
        "content": [
            "spades.spades.log:md5,e5391b8997f9c81c023f9bdeed4a7b19"
        ],
        "meta": {
            "nf-test": "0.9.0",
            "nextflow": "24.10.4"
        },
        "timestamp": "2025-02-05T18:06:30.485722"
    },
    "SAMPLE1_PE.bbmap.log": {
        "content": [
            "SAMPLE1_PE.bbmap.log:md5,50a18e263b62d637d284753f02faf7b7"
        ],
        "meta": {
            "nf-test": "0.9.0",
            "nextflow": "24.10.4"
        },
        "timestamp": "2025-02-05T18:06:30.514649"
    },
    "multiqc_report.html": {
        "content": [
            "multiqc_report.html:md5,47da1e16d6937d8b153f9141e7e22053"
        ],
        "meta": {
            "nf-test": "0.9.0",
            "nextflow": "24.10.4"
        },
        "timestamp": "2025-02-05T18:06:30.57025"
    },
    "SAMPLE1_PE.featureCounts.tsv.summary": {
        "content": [
            "SAMPLE1_PE.featureCounts.tsv.summary:md5,3b293e6de265163459a8ef02cb86887a"
        ],
        "meta": {
            "nf-test": "0.9.0",
            "nextflow": "24.10.4"
        },
        "timestamp": "2025-02-05T18:06:30.542728"
    }
}