{
    "SAMPLE1_PE_1_val_1_fastqc.html": {
        "content": [
            "SAMPLE1_PE_1_val_1_fastqc.html:md5,89c71d5bf2499665b8c036a2ffae3bd7"
        ],
        "meta": {
            "nf-test": "0.9.2",
            "nextflow": "24.10.4"
        },
        "timestamp": "2025-02-19T18:03:34.857244"
    },
    "SAMPLE1_PE.bbmap.log": {
        "content": [
            "SAMPLE1_PE.bbmap.log:md5,2a19e45249e0557291e2b0c06df53d10"
        ],
        "meta": {
            "nf-test": "0.9.2",
            "nextflow": "24.10.4"
        },
        "timestamp": "2025-02-19T20:35:33.833897"
    },
    "megahit_assembly.log": {
        "content": [
            "megahit_assembly.log:md5,6cc1f0dd89486040c4ace58d46235db3"
        ],
        "meta": {
            "nf-test": "0.9.2",
            "nextflow": "24.10.4"
        },
        "timestamp": "2025-02-19T20:35:33.823598"
    },
    "multiqc_report.html": {
        "content": [
            "multiqc_report.html:md5,dfbd537831ab64fcfa8cc5c1f5094356"
        ],
        "meta": {
            "nf-test": "0.9.2",
            "nextflow": "24.10.4"
        },
        "timestamp": "2025-02-19T20:35:33.893689"
    },
    "SAMPLE1_PE.featureCounts.tsv.summary": {
        "content": [
            "SAMPLE1_PE.featureCounts.tsv.summary:md5,a0cd2da6a20224af6c7693a4cfbdd2dc"
        ],
        "meta": {
            "nf-test": "0.9.2",
            "nextflow": "24.10.4"
        },
        "timestamp": "2025-02-19T20:35:33.847641"
    }
}