{
    "SAMPLE1_PE_1_val_1_fastqc.html": {
        "content": [
            "SAMPLE1_PE_1_val_1_fastqc.html:md5,89c71d5bf2499665b8c036a2ffae3bd7"
        ],
        "meta": {
            "nf-test": "0.9.2",
            "nextflow": "24.10.4"
        },
        "timestamp": "2025-02-19T17:55:51.19482"
    },
    "SAMPLE1_PE.bbmap.log": {
        "content": [
            "SAMPLE1_PE.bbmap.log:md5,18af04db80818250c9641a34553885d5"
        ],
        "meta": {
            "nf-test": "0.9.2",
            "nextflow": "24.10.4"
        },
        "timestamp": "2025-02-19T20:26:54.904831"
    },
    "megahit_assembly.log": {
        "content": [
            "megahit_assembly.log:md5,4ca410e093d264db71639c2b79e04c1a"
        ],
        "meta": {
            "nf-test": "0.9.2",
            "nextflow": "24.10.4"
        },
        "timestamp": "2025-02-19T20:26:54.522497"
    },
    "multiqc_report.html": {
        "content": [
            "multiqc_report.html:md5,2f1887c4abc397870dfb815573fb299c"
        ],
        "meta": {
            "nf-test": "0.9.2",
            "nextflow": "24.10.4"
        },
        "timestamp": "2025-02-19T20:26:55.576061"
    },
    "SAMPLE1_PE_1.fastq.gz": {
        "content": [
            "SAMPLE1_PE_1.fastq.gz:md5,8fbc4937a32a23d6281931c12f49c2e1"
        ],
        "meta": {
            "nf-test": "0.9.2",
            "nextflow": "24.10.4"
        },
        "timestamp": "2025-02-19T20:26:54.146545"
    },
    "SAMPLE1_PE.featureCounts.tsv.summary": {
        "content": [
            "SAMPLE1_PE.featureCounts.tsv.summary:md5,44562b13db587c92d909a7459fe81893"
        ],
        "meta": {
            "nf-test": "0.9.2",
            "nextflow": "24.10.4"
        },
        "timestamp": "2025-02-19T20:26:55.255117"
    }
}